https://web.colby.edu/lrclibrary/listening-materials/russian-virtual-classroom/
https://web.colby.edu/lrclibrary/listening-materials/chinese-virtual-classroom/integrated-chinese/integrated-chinese-introduction/
// table format issues
https://web.colby.edu/lrclibrary/listening-materials/japanese-virtual-lab/genki-textbook-vol-i-practice/
// same audio file 6x
https://web.colby.edu/lrclibrary/listening-materials/japanese-virtual-classroom/%e6%af%8e%e6%97%a5%e3%81%ae%e8%81%9e%e3%81%8d%e3%81%a8%e3%82%8a/
https://web.colby.edu/lrclibrary/listening-materials/russian-virtual-classroom/divnograd-apartment/
https://web.colby.edu/lrclibrary/listening-materials/russian-virtual-classroom/divnograd-city/
https://web.colby.edu/lrclibrary/listening-materials/chinese-virtual-classroom/cn322-listening-materials/
https://web.colby.edu/lrclibrary/listening-materials/japanese-virtual-classroom/genki-1-second-edition-workbookl1-12/
Total Failures: 8